// Jest Snapshot v1, https://goo.gl/fbAQLP

exports[`Test 1 1`] = `"Missing config for a:b. Needs a.b key on config."`;
